// 重构日志: 5286d430
// 同步 ID: 3acd855b @ Fri Jul 24 18:10:07 UTC 2026
// 同步 ID: 1a22921c @ Sat Jul 25 07:23:46 UTC 2026
// 同步 ID: 75e17ca6 @ Sat Jul 25 11:14:07 UTC 2026
// 重构日志: 9a461bee
// 同步 ID: 7ff7b8d1 @ Sun Jul 26 08:17:38 UTC 2026
// 重构日志: a573be5e
// 同步 ID: 9d46b8d5 @ Tue Jul 28 15:33:57 UTC 2026
// 重构日志: 5feba420
// 重构日志: 1deb3c88
// 重构日志: 2ea58dae
// 重构日志: e135cfe6
// 重构日志: 1af13c39
// 重构日志: 6e4313fb
// 同步 ID: bc047387 @ Thu Jul 30 15:16:45 UTC 2026
// 重构日志: e557e1f5
// 重构日志: b2b723c6
// 重构日志: c23fd4b9
// 同步 ID: 0171516d @ Fri Jul 31 16:38:03 UTC 2026
// 重构日志: f5991c90
// 重构日志: c8798e1b
// 重构日志: c65f6f12
// 同步 ID: 190c6ca8 @ Sun Aug  2 18:39:29 UTC 2026
// 重构日志: b40699b9
// 同步 ID: cb8802f0 @ Tue Aug  4 04:01:11 UTC 2026
// 重构日志: 7e414f5b
// 同步 ID: 663c9a17 @ Tue Aug  4 12:40:40 UTC 2026
// 同步 ID: 093d69bf @ Tue Aug  4 17:59:13 UTC 2026
// 重构日志: cfcb1be1
// 同步 ID: edc5387c @ Wed Aug  5 07:37:31 UTC 2026
